Archive member included because of file (symbol)

c:/winavr/bin/../lib/gcc/avr/4.3.3/avr5\libgcc.a(_exit.o)
                              c:/winavr/bin/../lib/gcc/avr/4.3.3/../../../../avr/lib/avr5/crtm32.o (exit)
c:/winavr/bin/../lib/gcc/avr/4.3.3/avr5\libgcc.a(_clear_bss.o)
                              ./application/app.o (__do_clear_bss)

Memory Configuration

Name             Origin             Length             Attributes
text             0x00000000         0x00020000         xr
data             0x00800060         0x0000ffa0         rw !x
eeprom           0x00810000         0x00010000         rw !x
fuse             0x00820000         0x00000400         rw !x
lock             0x00830000         0x00000400         rw !x
signature        0x00840000         0x00000400         rw !x
*default*        0x00000000         0xffffffff

Linker script and memory map

LOAD c:/winavr/bin/../lib/gcc/avr/4.3.3/../../../../avr/lib/avr5/crtm32.o
LOAD ./test/test.o
LOAD ./application/app.o
LOAD ./MCAL/timer1_module/timer1.o
LOAD ./MCAL/gpio_module/gpio.o
LOAD ./HAL/push_button_module/pushButton.o
LOAD ./HAL/led_module/led.o
LOAD ./main.o
LOAD c:/winavr/bin/../lib/gcc/avr/4.3.3/avr5\libgcc.a
LOAD c:/winavr/bin/../lib/gcc/avr/4.3.3/../../../../avr/lib/avr5\libc.a
LOAD c:/winavr/bin/../lib/gcc/avr/4.3.3/avr5\libgcc.a

.hash
 *(.hash)

.dynsym
 *(.dynsym)

.dynstr
 *(.dynstr)

.gnu.version
 *(.gnu.version)

.gnu.version_d
 *(.gnu.version_d)

.gnu.version_r
 *(.gnu.version_r)

.rel.init
 *(.rel.init)

.rela.init
 *(.rela.init)

.rel.text
 *(.rel.text)
 *(.rel.text.*)
 *(.rel.gnu.linkonce.t*)

.rela.text
 *(.rela.text)
 *(.rela.text.*)
 *(.rela.gnu.linkonce.t*)

.rel.fini
 *(.rel.fini)

.rela.fini
 *(.rela.fini)

.rel.rodata
 *(.rel.rodata)
 *(.rel.rodata.*)
 *(.rel.gnu.linkonce.r*)

.rela.rodata
 *(.rela.rodata)
 *(.rela.rodata.*)
 *(.rela.gnu.linkonce.r*)

.rel.data
 *(.rel.data)
 *(.rel.data.*)
 *(.rel.gnu.linkonce.d*)

.rela.data
 *(.rela.data)
 *(.rela.data.*)
 *(.rela.gnu.linkonce.d*)

.rel.ctors
 *(.rel.ctors)

.rela.ctors
 *(.rela.ctors)

.rel.dtors
 *(.rel.dtors)

.rela.dtors
 *(.rela.dtors)

.rel.got
 *(.rel.got)

.rela.got
 *(.rela.got)

.rel.bss
 *(.rel.bss)

.rela.bss
 *(.rela.bss)

.rel.plt
 *(.rel.plt)

.rela.plt
 *(.rela.plt)

.text           0x00000000      0xdea
 *(.vectors)
 .vectors       0x00000000       0x54 c:/winavr/bin/../lib/gcc/avr/4.3.3/../../../../avr/lib/avr5/crtm32.o
                0x00000000                __vectors
                0x00000000                __vector_default
 *(.vectors)
 *(.progmem.gcc*)
 *(.progmem*)
                0x00000054                . = ALIGN (0x2)
                0x00000054                __trampolines_start = .
 *(.trampolines)
 .trampolines   0x00000054        0x0 linker stubs
 *(.trampolines*)
                0x00000054                __trampolines_end = .
 *(.jumptables)
 *(.jumptables*)
 *(.lowtext)
 *(.lowtext*)
                0x00000054                __ctors_start = .
 *(.ctors)
                0x00000054                __ctors_end = .
                0x00000054                __dtors_start = .
 *(.dtors)
                0x00000054                __dtors_end = .
 SORT(*)(.ctors)
 SORT(*)(.dtors)
 *(.init0)
 .init0         0x00000054        0x0 c:/winavr/bin/../lib/gcc/avr/4.3.3/../../../../avr/lib/avr5/crtm32.o
                0x00000054                __init
 *(.init0)
 *(.init1)
 *(.init1)
 *(.init2)
 .init2         0x00000054        0xc c:/winavr/bin/../lib/gcc/avr/4.3.3/../../../../avr/lib/avr5/crtm32.o
 *(.init2)
 *(.init3)
 *(.init3)
 *(.init4)
 .init4         0x00000060       0x10 c:/winavr/bin/../lib/gcc/avr/4.3.3/avr5\libgcc.a(_clear_bss.o)
                0x00000060                __do_clear_bss
 *(.init4)
 *(.init5)
 *(.init5)
 *(.init6)
 *(.init6)
 *(.init7)
 *(.init7)
 *(.init8)
 *(.init8)
 *(.init9)
 .init9         0x00000070        0x8 c:/winavr/bin/../lib/gcc/avr/4.3.3/../../../../avr/lib/avr5/crtm32.o
 *(.init9)
 *(.text)
 .text          0x00000078        0x4 c:/winavr/bin/../lib/gcc/avr/4.3.3/../../../../avr/lib/avr5/crtm32.o
                0x00000078                __vector_12
                0x00000078                __bad_interrupt
                0x00000078                __vector_6
                0x00000078                __vector_3
                0x00000078                __vector_11
                0x00000078                __vector_13
                0x00000078                __vector_17
                0x00000078                __vector_19
                0x00000078                __vector_5
                0x00000078                __vector_4
                0x00000078                __vector_2
                0x00000078                __vector_15
                0x00000078                __vector_8
                0x00000078                __vector_14
                0x00000078                __vector_10
                0x00000078                __vector_16
                0x00000078                __vector_18
                0x00000078                __vector_20
 .text          0x0000007c        0x0 ./test/test.o
 .text          0x0000007c        0x0 ./application/app.o
 .text          0x0000007c        0x0 ./MCAL/timer1_module/timer1.o
 .text          0x0000007c        0x0 ./MCAL/gpio_module/gpio.o
 .text          0x0000007c        0x0 ./HAL/push_button_module/pushButton.o
 .text          0x0000007c        0x0 ./HAL/led_module/led.o
 .text          0x0000007c        0x0 ./main.o
 .text          0x0000007c        0x0 c:/winavr/bin/../lib/gcc/avr/4.3.3/avr5\libgcc.a(_exit.o)
 .text          0x0000007c        0x0 c:/winavr/bin/../lib/gcc/avr/4.3.3/avr5\libgcc.a(_clear_bss.o)
                0x0000007c                . = ALIGN (0x2)
 *(.text.*)
 .text.test_LED_mudule
                0x0000007c       0x20 ./test/test.o
                0x0000007c                test_LED_mudule
 .text.test_PUSHBUTTON_callback
                0x0000009c       0x12 ./test/test.o
                0x0000009c                test_PUSHBUTTON_callback
 .text.test_PUSHBUTTON_module
                0x000000ae       0x1c ./test/test.o
                0x000000ae                test_PUSHBUTTON_module
 .text.test_TIMER1_callback
                0x000000ca       0x12 ./test/test.o
                0x000000ca                test_TIMER1_callback
 .text.test_TIMER1_module
                0x000000dc       0x48 ./test/test.o
                0x000000dc                test_TIMER1_module
 .text.application
                0x00000124       0x12 ./application/app.o
                0x00000124                application
 .text.initializeSystem
                0x00000136       0x82 ./application/app.o
                0x00000136                initializeSystem
 .text.pushButtonFunction
                0x000001b8       0x14 ./application/app.o
                0x000001b8                pushButtonFunction
 .text.timerFunction
                0x000001cc       0x20 ./application/app.o
                0x000001cc                timerFunction
 .text.carsNormalMode
                0x000001ec       0x20 ./application/app.o
                0x000001ec                carsNormalMode
 .text.carsMove
                0x0000020c       0x7e ./application/app.o
                0x0000020c                carsMove
 .text.carsWillStop
                0x0000028a       0xa2 ./application/app.o
                0x0000028a                carsWillStop
 .text.carsWillMove
                0x0000032c       0xb8 ./application/app.o
                0x0000032c                carsWillMove
 .text.carsStop
                0x000003e4       0x66 ./application/app.o
                0x000003e4                carsStop
 .text.Timer1_init
                0x0000044a       0xca ./MCAL/timer1_module/timer1.o
                0x0000044a                Timer1_init
 .text.Timer1_deInit
                0x00000514       0x1c ./MCAL/timer1_module/timer1.o
                0x00000514                Timer1_deInit
 .text.Timer1_setCallBack
                0x00000530       0x24 ./MCAL/timer1_module/timer1.o
                0x00000530                Timer1_setCallBack
 .text.__vector_7
                0x00000554       0x66 ./MCAL/timer1_module/timer1.o
                0x00000554                __vector_7
 .text.__vector_9
                0x000005ba       0x66 ./MCAL/timer1_module/timer1.o
                0x000005ba                __vector_9
 .text.GPIO_setupPinDirection
                0x00000620      0x1d6 ./MCAL/gpio_module/gpio.o
                0x00000620                GPIO_setupPinDirection
 .text.GPIO_writePin
                0x000007f6      0x1d6 ./MCAL/gpio_module/gpio.o
                0x000007f6                GPIO_writePin
 .text.GPIO_readPin
                0x000009cc      0x136 ./MCAL/gpio_module/gpio.o
                0x000009cc                GPIO_readPin
 .text.GPIO_setupPortDirection
                0x00000b02       0x88 ./MCAL/gpio_module/gpio.o
                0x00000b02                GPIO_setupPortDirection
 .text.GPIO_writePort
                0x00000b8a       0x88 ./MCAL/gpio_module/gpio.o
                0x00000b8a                GPIO_writePort
 .text.GPIO_readPort
                0x00000c12       0x8a ./MCAL/gpio_module/gpio.o
                0x00000c12                GPIO_readPort
 .text.__vector_1
                0x00000c9c       0x66 ./HAL/push_button_module/pushButton.o
                0x00000c9c                __vector_1
 .text.PUSHBUTTON_init
                0x00000d02       0x50 ./HAL/push_button_module/pushButton.o
                0x00000d02                PUSHBUTTON_init
 .text.PUSHBUTTON_setISR
                0x00000d52       0x26 ./HAL/push_button_module/pushButton.o
                0x00000d52                PUSHBUTTON_setISR
 .text.LED_setup
                0x00000d78       0x2e ./HAL/led_module/led.o
                0x00000d78                LED_setup
 .text.LED_control
                0x00000da6       0x2a ./HAL/led_module/led.o
                0x00000da6                LED_control
 .text.main     0x00000dd0       0x16 ./main.o
                0x00000dd0                main
 .text.libgcc   0x00000de6        0x0 c:/winavr/bin/../lib/gcc/avr/4.3.3/avr5\libgcc.a(_exit.o)
 .text.libgcc   0x00000de6        0x0 c:/winavr/bin/../lib/gcc/avr/4.3.3/avr5\libgcc.a(_clear_bss.o)
                0x00000de6                . = ALIGN (0x2)
 *(.fini9)
 .fini9         0x00000de6        0x0 c:/winavr/bin/../lib/gcc/avr/4.3.3/avr5\libgcc.a(_exit.o)
                0x00000de6                exit
                0x00000de6                _exit
 *(.fini9)
 *(.fini8)
 *(.fini8)
 *(.fini7)
 *(.fini7)
 *(.fini6)
 *(.fini6)
 *(.fini5)
 *(.fini5)
 *(.fini4)
 *(.fini4)
 *(.fini3)
 *(.fini3)
 *(.fini2)
 *(.fini2)
 *(.fini1)
 *(.fini1)
 *(.fini0)
 .fini0         0x00000de6        0x4 c:/winavr/bin/../lib/gcc/avr/4.3.3/avr5\libgcc.a(_exit.o)
 *(.fini0)
                0x00000dea                _etext = .

.data           0x00800060        0x0 load address 0x00000dea
                0x00800060                PROVIDE (__data_start, .)
 *(.data)
 .data          0x00800060        0x0 c:/winavr/bin/../lib/gcc/avr/4.3.3/../../../../avr/lib/avr5/crtm32.o
 .data          0x00800060        0x0 ./test/test.o
 .data          0x00800060        0x0 ./application/app.o
 .data          0x00800060        0x0 ./MCAL/timer1_module/timer1.o
 .data          0x00800060        0x0 ./MCAL/gpio_module/gpio.o
 .data          0x00800060        0x0 ./HAL/push_button_module/pushButton.o
 .data          0x00800060        0x0 ./HAL/led_module/led.o
 .data          0x00800060        0x0 ./main.o
 .data          0x00800060        0x0 c:/winavr/bin/../lib/gcc/avr/4.3.3/avr5\libgcc.a(_exit.o)
 .data          0x00800060        0x0 c:/winavr/bin/../lib/gcc/avr/4.3.3/avr5\libgcc.a(_clear_bss.o)
 *(.data*)
 *(.rodata)
 *(.rodata*)
 *(.gnu.linkonce.d*)
                0x00800060                . = ALIGN (0x2)
                0x00800060                _edata = .
                0x00800060                PROVIDE (__data_end, .)

.bss            0x00800060        0x7
                0x00800060                PROVIDE (__bss_start, .)
 *(.bss)
 .bss           0x00800060        0x0 c:/winavr/bin/../lib/gcc/avr/4.3.3/../../../../avr/lib/avr5/crtm32.o
 .bss           0x00800060        0x0 ./test/test.o
 .bss           0x00800060        0x0 ./application/app.o
 .bss           0x00800060        0x0 ./MCAL/timer1_module/timer1.o
 .bss           0x00800060        0x0 ./MCAL/gpio_module/gpio.o
 .bss           0x00800060        0x0 ./HAL/push_button_module/pushButton.o
 .bss           0x00800060        0x0 ./HAL/led_module/led.o
 .bss           0x00800060        0x0 ./main.o
 .bss           0x00800060        0x0 c:/winavr/bin/../lib/gcc/avr/4.3.3/avr5\libgcc.a(_exit.o)
 .bss           0x00800060        0x0 c:/winavr/bin/../lib/gcc/avr/4.3.3/avr5\libgcc.a(_clear_bss.o)
 *(.bss*)
 .bss.g_tickCounter
                0x00800060        0x2 ./application/app.o
                0x00800060                g_tickCounter
 .bss.g_button_pressed
                0x00800062        0x1 ./application/app.o
                0x00800062                g_button_pressed
 .bss.callback  0x00800063        0x2 ./MCAL/timer1_module/timer1.o
 .bss.g_fun_ptr
                0x00800065        0x2 ./HAL/push_button_module/pushButton.o
                0x00800065                g_fun_ptr
 *(COMMON)
                0x00800067                PROVIDE (__bss_end, .)
                0x00000dea                __data_load_start = LOADADDR (.data)
                0x00000dea                __data_load_end = (__data_load_start + SIZEOF (.data))

.noinit         0x00800067        0x0
                0x00800067                PROVIDE (__noinit_start, .)
 *(.noinit*)
                0x00800067                PROVIDE (__noinit_end, .)
                0x00800067                _end = .
                0x00800067                PROVIDE (__heap_start, .)

.eeprom         0x00810000        0x0
 *(.eeprom*)
                0x00810000                __eeprom_end = .

.fuse
 *(.fuse)
 *(.lfuse)
 *(.hfuse)
 *(.efuse)

.lock
 *(.lock*)

.signature
 *(.signature*)

.stab           0x00000000     0x1efc
 *(.stab)
 .stab          0x00000000      0x3cc ./test/test.o
 .stab          0x000003cc      0x7e0 ./application/app.o
                                0x7ec (size before relaxing)
 .stab          0x00000bac      0x54c ./MCAL/timer1_module/timer1.o
                                0x558 (size before relaxing)
 .stab          0x000010f8      0x6b4 ./MCAL/gpio_module/gpio.o
                                0x870 (size before relaxing)
 .stab          0x000017ac      0x33c ./HAL/push_button_module/pushButton.o
                                0x4f8 (size before relaxing)
 .stab          0x00001ae8      0x2c4 ./HAL/led_module/led.o
                                0x2d0 (size before relaxing)
 .stab          0x00001dac      0x150 ./main.o
                                0x234 (size before relaxing)

.stabstr        0x00000000     0x1cd3
 *(.stabstr)
 .stabstr       0x00000000     0x1cd3 ./test/test.o

.stab.excl
 *(.stab.excl)

.stab.exclstr
 *(.stab.exclstr)

.stab.index
 *(.stab.index)

.stab.indexstr
 *(.stab.indexstr)

.comment
 *(.comment)

.debug
 *(.debug)

.line
 *(.line)

.debug_srcinfo
 *(.debug_srcinfo)

.debug_sfnames
 *(.debug_sfnames)

.debug_aranges
 *(.debug_aranges)

.debug_pubnames
 *(.debug_pubnames)

.debug_info
 *(.debug_info)
 *(.gnu.linkonce.wi.*)

.debug_abbrev
 *(.debug_abbrev)

.debug_line
 *(.debug_line)

.debug_frame
 *(.debug_frame)

.debug_str
 *(.debug_str)

.debug_loc
 *(.debug_loc)

.debug_macinfo
 *(.debug_macinfo)
OUTPUT(traffic_light_control.elf elf32-avr)
LOAD linker stubs
