Archive member included because of file (symbol)

c:/winavr/bin/../lib/gcc/avr/4.3.3/avr5\libgcc.a(_exit.o)
                              c:/winavr/bin/../lib/gcc/avr/4.3.3/../../../../avr/lib/avr5/crtm32.o (exit)
c:/winavr/bin/../lib/gcc/avr/4.3.3/avr5\libgcc.a(_clear_bss.o)
                              ./timer1_module/timer1.o (__do_clear_bss)

Memory Configuration

Name             Origin             Length             Attributes
text             0x00000000         0x00020000         xr
data             0x00800060         0x0000ffa0         rw !x
eeprom           0x00810000         0x00010000         rw !x
fuse             0x00820000         0x00000400         rw !x
lock             0x00830000         0x00000400         rw !x
signature        0x00840000         0x00000400         rw !x
*default*        0x00000000         0xffffffff

Linker script and memory map

LOAD c:/winavr/bin/../lib/gcc/avr/4.3.3/../../../../avr/lib/avr5/crtm32.o
LOAD ./timer1_module/timer1.o
LOAD ./push_button_module/pushButton.o
LOAD ./gpio_module/gpio.o
LOAD ./application/app.o
LOAD ./main.o
LOAD c:/winavr/bin/../lib/gcc/avr/4.3.3/avr5\libgcc.a
LOAD c:/winavr/bin/../lib/gcc/avr/4.3.3/../../../../avr/lib/avr5\libc.a
LOAD c:/winavr/bin/../lib/gcc/avr/4.3.3/avr5\libgcc.a

.hash
 *(.hash)

.dynsym
 *(.dynsym)

.dynstr
 *(.dynstr)

.gnu.version
 *(.gnu.version)

.gnu.version_d
 *(.gnu.version_d)

.gnu.version_r
 *(.gnu.version_r)

.rel.init
 *(.rel.init)

.rela.init
 *(.rela.init)

.rel.text
 *(.rel.text)
 *(.rel.text.*)
 *(.rel.gnu.linkonce.t*)

.rela.text
 *(.rela.text)
 *(.rela.text.*)
 *(.rela.gnu.linkonce.t*)

.rel.fini
 *(.rel.fini)

.rela.fini
 *(.rela.fini)

.rel.rodata
 *(.rel.rodata)
 *(.rel.rodata.*)
 *(.rel.gnu.linkonce.r*)

.rela.rodata
 *(.rela.rodata)
 *(.rela.rodata.*)
 *(.rela.gnu.linkonce.r*)

.rel.data
 *(.rel.data)
 *(.rel.data.*)
 *(.rel.gnu.linkonce.d*)

.rela.data
 *(.rela.data)
 *(.rela.data.*)
 *(.rela.gnu.linkonce.d*)

.rel.ctors
 *(.rel.ctors)

.rela.ctors
 *(.rela.ctors)

.rel.dtors
 *(.rel.dtors)

.rela.dtors
 *(.rela.dtors)

.rel.got
 *(.rel.got)

.rela.got
 *(.rela.got)

.rel.bss
 *(.rel.bss)

.rela.bss
 *(.rela.bss)

.rel.plt
 *(.rel.plt)

.rela.plt
 *(.rela.plt)

.text           0x00000000      0xd08
 *(.vectors)
 .vectors       0x00000000       0x54 c:/winavr/bin/../lib/gcc/avr/4.3.3/../../../../avr/lib/avr5/crtm32.o
                0x00000000                __vectors
                0x00000000                __vector_default
 *(.vectors)
 *(.progmem.gcc*)
 *(.progmem*)
                0x00000054                . = ALIGN (0x2)
                0x00000054                __trampolines_start = .
 *(.trampolines)
 .trampolines   0x00000054        0x0 linker stubs
 *(.trampolines*)
                0x00000054                __trampolines_end = .
 *(.jumptables)
 *(.jumptables*)
 *(.lowtext)
 *(.lowtext*)
                0x00000054                __ctors_start = .
 *(.ctors)
                0x00000054                __ctors_end = .
                0x00000054                __dtors_start = .
 *(.dtors)
                0x00000054                __dtors_end = .
 SORT(*)(.ctors)
 SORT(*)(.dtors)
 *(.init0)
 .init0         0x00000054        0x0 c:/winavr/bin/../lib/gcc/avr/4.3.3/../../../../avr/lib/avr5/crtm32.o
                0x00000054                __init
 *(.init0)
 *(.init1)
 *(.init1)
 *(.init2)
 .init2         0x00000054        0xc c:/winavr/bin/../lib/gcc/avr/4.3.3/../../../../avr/lib/avr5/crtm32.o
 *(.init2)
 *(.init3)
 *(.init3)
 *(.init4)
 .init4         0x00000060       0x10 c:/winavr/bin/../lib/gcc/avr/4.3.3/avr5\libgcc.a(_clear_bss.o)
                0x00000060                __do_clear_bss
 *(.init4)
 *(.init5)
 *(.init5)
 *(.init6)
 *(.init6)
 *(.init7)
 *(.init7)
 *(.init8)
 *(.init8)
 *(.init9)
 .init9         0x00000070        0x8 c:/winavr/bin/../lib/gcc/avr/4.3.3/../../../../avr/lib/avr5/crtm32.o
 *(.init9)
 *(.text)
 .text          0x00000078        0x4 c:/winavr/bin/../lib/gcc/avr/4.3.3/../../../../avr/lib/avr5/crtm32.o
                0x00000078                __vector_12
                0x00000078                __bad_interrupt
                0x00000078                __vector_6
                0x00000078                __vector_3
                0x00000078                __vector_11
                0x00000078                __vector_13
                0x00000078                __vector_17
                0x00000078                __vector_19
                0x00000078                __vector_5
                0x00000078                __vector_4
                0x00000078                __vector_2
                0x00000078                __vector_15
                0x00000078                __vector_8
                0x00000078                __vector_14
                0x00000078                __vector_10
                0x00000078                __vector_16
                0x00000078                __vector_18
                0x00000078                __vector_20
 .text          0x0000007c        0x0 ./timer1_module/timer1.o
 .text          0x0000007c        0x0 ./push_button_module/pushButton.o
 .text          0x0000007c        0x0 ./gpio_module/gpio.o
 .text          0x0000007c        0x0 ./application/app.o
 .text          0x0000007c        0x0 ./main.o
 .text          0x0000007c        0x0 c:/winavr/bin/../lib/gcc/avr/4.3.3/avr5\libgcc.a(_exit.o)
 .text          0x0000007c        0x0 c:/winavr/bin/../lib/gcc/avr/4.3.3/avr5\libgcc.a(_clear_bss.o)
                0x0000007c                . = ALIGN (0x2)
 *(.text.*)
 .text.Timer1_init
                0x0000007c       0xca ./timer1_module/timer1.o
                0x0000007c                Timer1_init
 .text.Timer1_deInit
                0x00000146       0x1c ./timer1_module/timer1.o
                0x00000146                Timer1_deInit
 .text.Timer1_setCallBack
                0x00000162       0x24 ./timer1_module/timer1.o
                0x00000162                Timer1_setCallBack
 .text.__vector_7
                0x00000186       0x66 ./timer1_module/timer1.o
                0x00000186                __vector_7
 .text.__vector_9
                0x000001ec       0x66 ./timer1_module/timer1.o
                0x000001ec                __vector_9
 .text.__vector_1
                0x00000252       0x66 ./push_button_module/pushButton.o
                0x00000252                __vector_1
 .text.PUSHBUTTON_init
                0x000002b8       0x4e ./push_button_module/pushButton.o
                0x000002b8                PUSHBUTTON_init
 .text.PUSHBUTTON_setISR
                0x00000306       0x24 ./push_button_module/pushButton.o
                0x00000306                PUSHBUTTON_setISR
 .text.GPIO_setupPinDirection
                0x0000032a      0x1d6 ./gpio_module/gpio.o
                0x0000032a                GPIO_setupPinDirection
 .text.GPIO_writePin
                0x00000500      0x1d6 ./gpio_module/gpio.o
                0x00000500                GPIO_writePin
 .text.GPIO_readPin
                0x000006d6      0x136 ./gpio_module/gpio.o
                0x000006d6                GPIO_readPin
 .text.GPIO_setupPortDirection
                0x0000080c       0x88 ./gpio_module/gpio.o
                0x0000080c                GPIO_setupPortDirection
 .text.GPIO_writePort
                0x00000894       0x88 ./gpio_module/gpio.o
                0x00000894                GPIO_writePort
 .text.GPIO_readPort
                0x0000091c       0x8a ./gpio_module/gpio.o
                0x0000091c                GPIO_readPort
 .text.application
                0x000009a6       0x12 ./application/app.o
                0x000009a6                application
 .text.initializeSystem
                0x000009b8       0xca ./application/app.o
                0x000009b8                initializeSystem
 .text.pushButtonFunction
                0x00000a82       0x14 ./application/app.o
                0x00000a82                pushButtonFunction
 .text.timerFunction
                0x00000a96       0x20 ./application/app.o
                0x00000a96                timerFunction
 .text.carsNormalMode
                0x00000ab6       0x1e ./application/app.o
                0x00000ab6                carsNormalMode
 .text.carsMove
                0x00000ad4       0x6e ./application/app.o
                0x00000ad4                carsMove
 .text.carsWillStop
                0x00000b42       0xa0 ./application/app.o
                0x00000b42                carsWillStop
 .text.carsWillMove
                0x00000be2       0xa8 ./application/app.o
                0x00000be2                carsWillMove
 .text.carsStop
                0x00000c8a       0x64 ./application/app.o
                0x00000c8a                carsStop
 .text.main     0x00000cee       0x16 ./main.o
                0x00000cee                main
 .text.libgcc   0x00000d04        0x0 c:/winavr/bin/../lib/gcc/avr/4.3.3/avr5\libgcc.a(_exit.o)
 .text.libgcc   0x00000d04        0x0 c:/winavr/bin/../lib/gcc/avr/4.3.3/avr5\libgcc.a(_clear_bss.o)
                0x00000d04                . = ALIGN (0x2)
 *(.fini9)
 .fini9         0x00000d04        0x0 c:/winavr/bin/../lib/gcc/avr/4.3.3/avr5\libgcc.a(_exit.o)
                0x00000d04                exit
                0x00000d04                _exit
 *(.fini9)
 *(.fini8)
 *(.fini8)
 *(.fini7)
 *(.fini7)
 *(.fini6)
 *(.fini6)
 *(.fini5)
 *(.fini5)
 *(.fini4)
 *(.fini4)
 *(.fini3)
 *(.fini3)
 *(.fini2)
 *(.fini2)
 *(.fini1)
 *(.fini1)
 *(.fini0)
 .fini0         0x00000d04        0x4 c:/winavr/bin/../lib/gcc/avr/4.3.3/avr5\libgcc.a(_exit.o)
 *(.fini0)
                0x00000d08                _etext = .

.data           0x00800060        0x0 load address 0x00000d08
                0x00800060                PROVIDE (__data_start, .)
 *(.data)
 .data          0x00800060        0x0 c:/winavr/bin/../lib/gcc/avr/4.3.3/../../../../avr/lib/avr5/crtm32.o
 .data          0x00800060        0x0 ./timer1_module/timer1.o
 .data          0x00800060        0x0 ./push_button_module/pushButton.o
 .data          0x00800060        0x0 ./gpio_module/gpio.o
 .data          0x00800060        0x0 ./application/app.o
 .data          0x00800060        0x0 ./main.o
 .data          0x00800060        0x0 c:/winavr/bin/../lib/gcc/avr/4.3.3/avr5\libgcc.a(_exit.o)
 .data          0x00800060        0x0 c:/winavr/bin/../lib/gcc/avr/4.3.3/avr5\libgcc.a(_clear_bss.o)
 *(.data*)
 *(.rodata)
 *(.rodata*)
 *(.gnu.linkonce.d*)
                0x00800060                . = ALIGN (0x2)
                0x00800060                _edata = .
                0x00800060                PROVIDE (__data_end, .)

.bss            0x00800060        0x7
                0x00800060                PROVIDE (__bss_start, .)
 *(.bss)
 .bss           0x00800060        0x0 c:/winavr/bin/../lib/gcc/avr/4.3.3/../../../../avr/lib/avr5/crtm32.o
 .bss           0x00800060        0x0 ./timer1_module/timer1.o
 .bss           0x00800060        0x0 ./push_button_module/pushButton.o
 .bss           0x00800060        0x0 ./gpio_module/gpio.o
 .bss           0x00800060        0x0 ./application/app.o
 .bss           0x00800060        0x0 ./main.o
 .bss           0x00800060        0x0 c:/winavr/bin/../lib/gcc/avr/4.3.3/avr5\libgcc.a(_exit.o)
 .bss           0x00800060        0x0 c:/winavr/bin/../lib/gcc/avr/4.3.3/avr5\libgcc.a(_clear_bss.o)
 *(.bss*)
 .bss.callback  0x00800060        0x2 ./timer1_module/timer1.o
 .bss.g_fun_ptr
                0x00800062        0x2 ./push_button_module/pushButton.o
                0x00800062                g_fun_ptr
 .bss.g_tickCounter
                0x00800064        0x2 ./application/app.o
                0x00800064                g_tickCounter
 .bss.g_button_pressed
                0x00800066        0x1 ./application/app.o
                0x00800066                g_button_pressed
 *(COMMON)
                0x00800067                PROVIDE (__bss_end, .)
                0x00000d08                __data_load_start = LOADADDR (.data)
                0x00000d08                __data_load_end = (__data_load_start + SIZEOF (.data))

.noinit         0x00800067        0x0
                0x00800067                PROVIDE (__noinit_start, .)
 *(.noinit*)
                0x00800067                PROVIDE (__noinit_end, .)
                0x00800067                _end = .
                0x00800067                PROVIDE (__heap_start, .)

.eeprom         0x00810000        0x0
 *(.eeprom*)
                0x00810000                __eeprom_end = .

.fuse
 *(.fuse)
 *(.lfuse)
 *(.hfuse)
 *(.efuse)

.lock
 *(.lock*)

.signature
 *(.signature*)

.stab           0x00000000     0x17c4
 *(.stab)
 .stab          0x00000000      0x558 ./timer1_module/timer1.o
 .stab          0x00000558      0x30c ./push_button_module/pushButton.o
                                0x4c8 (size before relaxing)
 .stab          0x00000864      0x6b4 ./gpio_module/gpio.o
                                0x870 (size before relaxing)
 .stab          0x00000f18      0x75c ./application/app.o
                                0x768 (size before relaxing)
 .stab          0x00001674      0x150 ./main.o
                                0x234 (size before relaxing)

.stabstr        0x00000000     0x14df
 *(.stabstr)
 .stabstr       0x00000000     0x14df ./timer1_module/timer1.o

.stab.excl
 *(.stab.excl)

.stab.exclstr
 *(.stab.exclstr)

.stab.index
 *(.stab.index)

.stab.indexstr
 *(.stab.indexstr)

.comment
 *(.comment)

.debug
 *(.debug)

.line
 *(.line)

.debug_srcinfo
 *(.debug_srcinfo)

.debug_sfnames
 *(.debug_sfnames)

.debug_aranges
 *(.debug_aranges)

.debug_pubnames
 *(.debug_pubnames)

.debug_info
 *(.debug_info)
 *(.gnu.linkonce.wi.*)

.debug_abbrev
 *(.debug_abbrev)

.debug_line
 *(.debug_line)

.debug_frame
 *(.debug_frame)

.debug_str
 *(.debug_str)

.debug_loc
 *(.debug_loc)

.debug_macinfo
 *(.debug_macinfo)
OUTPUT(traffic_light_control.elf elf32-avr)
LOAD linker stubs
